main.c:87:6:handleResetRpm	4	static
main.c:93:6:handleRpmInterval	8	static
main.c:107:6:handler	8	static
main.c:114:6:HAL_TIM_PeriodElapsedCallback	16	static
main.c:121:6:toggle	8	static
main.c:125:6:handlePulse	4	static
main.c:131:6:HAL_GPIO_EXTI_Callback	16	static,ignoring_inline_asm
main.c:139:6:onTimeOutBico	8	static
main.c:143:6:onResetBico	8	static
main.c:147:6:onTimeOutBomba	8	static
main.c:151:6:onResetBomba	8	static
main.c:161:5:main	48	static
main.c:245:6:SystemClock_Config	88	static
main.c:287:13:MX_ADC1_Init	24	static
main.c:329:13:MX_I2C1_Init	8	static
main.c:361:13:MX_TIM2_Init	32	static
main.c:403:13:MX_GPIO_Init	40	static
main.c:458:6:Error_Handler	4	static,ignoring_inline_asm
